// Jest Snapshot v1, https://goo.gl/fbAQLP

exports[`MainScreen Complex Test should bypass errors on CSS class check gracefully 1`] = `
<DocumentFragment>
  <section
    class="main-screen"
  >
    <div
      class="main-screen__container"
    >
      <div
        class="main-screen__container__texts"
      >
        <div
          class="looking-main"
          id="main-title"
        >
          <h1
            class="main-screen__container__texts__title"
          >
            Escolha sua sobremesa
          </h1>
          <span
            class="main-screen__container__texts__emphasis"
          >
            favorita.
          </span>
        </div>
        <div
          class="main-screen__container__texts__text"
        >
          <p
            class="paragraph looking-main"
            id="main-title"
            style="font-size: 20px;"
          >
            Aproveite nosso cardápio! Escolha o que desejar e receba em sua casa de forma rápida e segura
          </p>
        </div>
        <div
          class="main-screen__container__texts__buttons looking-main"
          id="main-buttons"
        >
          <button
            class="normal-button"
          >
            Ver cardápio
          </button>
          <div
            class="btn-container"
            style="flex-direction: row-reverse;"
          >
            <div
              class="btn-container__text"
            >
              <p>
                <a
                  href="tel:+5511998765432"
                >
                  (11) 9 9876-5432
                </a>
              </p>
            </div>
            <div
              class="btn-container__icon"
              style="margin-right: 0px; margin-left: 10px;"
            />
          </div>
        </div>
        <div
          class="main-screen__container__texts__social looking-main"
          id="main-button-icon"
        >
          <div
            class="container-icon"
          />
          <div
            class="container-icon"
          />
          <div
            class="container-icon"
          />
        </div>
      </div>
      <div
        class="main-screen__container__visual"
      >
        <div
          class="main-screen__container__visual__block looking-main"
          id="main-block"
        />
        <div
          class="main-screen__container__visual__image looking-main"
          id="main-iceCream-image"
        />
        <div
          class="main-screen__container__visual__comment"
        >
          <div
            class="comment-block looking-main"
            id="main-comment"
          >
            <p
              class="comment-block__opinion"
            >
              "Entrega rápida e funcionários simpáticos. 
              <br />
              O sorvete chegou frio e 
              <br />
              muito delicioso!
              <span
                class="comment-block__opinion__author"
              >
                Eva Oliveira
              </span>
            </p>
          </div>
        </div>
      </div>
    </div>
  </section>
</DocumentFragment>
`;

exports[`MainScreen Complex Test should bypass undefined error for phone and skip the test gracefully 1`] = `
<DocumentFragment>
  <section
    class="main-screen"
  >
    <div
      class="main-screen__container"
    >
      <div
        class="main-screen__container__texts"
      >
        <div
          class="looking-main"
          id="main-title"
        >
          <h1
            class="main-screen__container__texts__title"
          >
            Escolha sua sobremesa
          </h1>
          <span
            class="main-screen__container__texts__emphasis"
          >
            favorita.
          </span>
        </div>
        <div
          class="main-screen__container__texts__text"
        >
          <p
            class="paragraph looking-main"
            id="main-title"
            style="font-size: 20px;"
          >
            Aproveite nosso cardápio! Escolha o que desejar e receba em sua casa de forma rápida e segura
          </p>
        </div>
        <div
          class="main-screen__container__texts__buttons looking-main"
          id="main-buttons"
        >
          <button
            class="normal-button"
          >
            Ver cardápio
          </button>
          <div
            class="btn-container"
            style="flex-direction: row-reverse;"
          >
            <div
              class="btn-container__text"
            >
              <p>
                <a
                  href="tel:+5511998765432"
                >
                  (11) 9 9876-5432
                </a>
              </p>
            </div>
            <div
              class="btn-container__icon"
              style="margin-right: 0px; margin-left: 10px;"
            />
          </div>
        </div>
        <div
          class="main-screen__container__texts__social looking-main"
          id="main-button-icon"
        >
          <div
            class="container-icon"
          />
          <div
            class="container-icon"
          />
          <div
            class="container-icon"
          />
        </div>
      </div>
      <div
        class="main-screen__container__visual"
      >
        <div
          class="main-screen__container__visual__block looking-main"
          id="main-block"
        />
        <div
          class="main-screen__container__visual__image looking-main"
          id="main-iceCream-image"
        />
        <div
          class="main-screen__container__visual__comment"
        >
          <div
            class="comment-block looking-main"
            id="main-comment"
          >
            <p
              class="comment-block__opinion"
            >
              "Entrega rápida e funcionários simpáticos. 
              <br />
              O sorvete chegou frio e 
              <br />
              muito delicioso!
              <span
                class="comment-block__opinion__author"
              >
                Eva Oliveira
              </span>
            </p>
          </div>
        </div>
      </div>
    </div>
  </section>
</DocumentFragment>
`;

exports[`MainScreen Complex Test should handle icons context correctly without throwing error if icon is undefined 1`] = `
<DocumentFragment>
  <section
    class="main-screen"
  >
    <div
      class="main-screen__container"
    >
      <div
        class="main-screen__container__texts"
      >
        <div
          class="looking-main"
          id="main-title"
        >
          <h1
            class="main-screen__container__texts__title"
          >
            Escolha sua sobremesa
          </h1>
          <span
            class="main-screen__container__texts__emphasis"
          >
            favorita.
          </span>
        </div>
        <div
          class="main-screen__container__texts__text"
        >
          <p
            class="paragraph looking-main"
            id="main-title"
            style="font-size: 20px;"
          >
            Aproveite nosso cardápio! Escolha o que desejar e receba em sua casa de forma rápida e segura
          </p>
        </div>
        <div
          class="main-screen__container__texts__buttons looking-main"
          id="main-buttons"
        >
          <button
            class="normal-button"
          >
            Ver cardápio
          </button>
          <div
            class="btn-container"
            style="flex-direction: row-reverse;"
          >
            <div
              class="btn-container__text"
            >
              <p>
                <a
                  href="tel:+5511998765432"
                >
                  (11) 9 9876-5432
                </a>
              </p>
            </div>
            <div
              class="btn-container__icon"
              style="margin-right: 0px; margin-left: 10px;"
            />
          </div>
        </div>
        <div
          class="main-screen__container__texts__social looking-main"
          id="main-button-icon"
        >
          <div
            class="container-icon"
          />
          <div
            class="container-icon"
          />
          <div
            class="container-icon"
          />
        </div>
      </div>
      <div
        class="main-screen__container__visual"
      >
        <div
          class="main-screen__container__visual__block looking-main"
          id="main-block"
        />
        <div
          class="main-screen__container__visual__image looking-main"
          id="main-iceCream-image"
        />
        <div
          class="main-screen__container__visual__comment"
        >
          <div
            class="comment-block looking-main"
            id="main-comment"
          >
            <p
              class="comment-block__opinion"
            >
              "Entrega rápida e funcionários simpáticos. 
              <br />
              O sorvete chegou frio e 
              <br />
              muito delicioso!
              <span
                class="comment-block__opinion__author"
              >
                Eva Oliveira
              </span>
            </p>
          </div>
        </div>
      </div>
    </div>
  </section>
</DocumentFragment>
`;

exports[`MainScreen Complex Test should render all components and interact with them correctly 1`] = `
<DocumentFragment>
  <section
    class="main-screen"
  >
    <div
      class="main-screen__container"
    >
      <div
        class="main-screen__container__texts"
      >
        <div
          class="looking-main"
          id="main-title"
        >
          <h1
            class="main-screen__container__texts__title"
          >
            Escolha sua sobremesa
          </h1>
          <span
            class="main-screen__container__texts__emphasis"
          >
            favorita.
          </span>
        </div>
        <div
          class="main-screen__container__texts__text"
        >
          <p
            class="paragraph looking-main"
            id="main-title"
            style="font-size: 20px;"
          >
            Aproveite nosso cardápio! Escolha o que desejar e receba em sua casa de forma rápida e segura
          </p>
        </div>
        <div
          class="main-screen__container__texts__buttons looking-main"
          id="main-buttons"
        >
          <button
            class="normal-button"
          >
            Ver cardápio
          </button>
          <div
            class="btn-container"
            style="flex-direction: row-reverse;"
          >
            <div
              class="btn-container__text"
            >
              <p>
                <a
                  href="tel:+5511998765432"
                >
                  (11) 9 9876-5432
                </a>
              </p>
            </div>
            <div
              class="btn-container__icon"
              style="margin-right: 0px; margin-left: 10px;"
            />
          </div>
        </div>
        <div
          class="main-screen__container__texts__social looking-main"
          id="main-button-icon"
        >
          <div
            class="container-icon"
          />
          <div
            class="container-icon"
          />
          <div
            class="container-icon"
          />
        </div>
      </div>
      <div
        class="main-screen__container__visual"
      >
        <div
          class="main-screen__container__visual__block looking-main"
          id="main-block"
        />
        <div
          class="main-screen__container__visual__image looking-main"
          id="main-iceCream-image"
        />
        <div
          class="main-screen__container__visual__comment"
        >
          <div
            class="comment-block looking-main"
            id="main-comment"
          >
            <p
              class="comment-block__opinion"
            >
              "Entrega rápida e funcionários simpáticos. 
              <br />
              O sorvete chegou frio e 
              <br />
              muito delicioso!
              <span
                class="comment-block__opinion__author"
              >
                Eva Oliveira
              </span>
            </p>
          </div>
        </div>
      </div>
    </div>
  </section>
</DocumentFragment>
`;

exports[`MainScreen Complex Test should render the visual block and image sections 1`] = `
<DocumentFragment>
  <section
    class="main-screen"
  >
    <div
      class="main-screen__container"
    >
      <div
        class="main-screen__container__texts"
      >
        <div
          class="looking-main"
          id="main-title"
        >
          <h1
            class="main-screen__container__texts__title"
          >
            Escolha sua sobremesa
          </h1>
          <span
            class="main-screen__container__texts__emphasis"
          >
            favorita.
          </span>
        </div>
        <div
          class="main-screen__container__texts__text"
        >
          <p
            class="paragraph looking-main"
            id="main-title"
            style="font-size: 20px;"
          >
            Aproveite nosso cardápio! Escolha o que desejar e receba em sua casa de forma rápida e segura
          </p>
        </div>
        <div
          class="main-screen__container__texts__buttons looking-main"
          id="main-buttons"
        >
          <button
            class="normal-button"
          >
            Ver cardápio
          </button>
          <div
            class="btn-container"
            style="flex-direction: row-reverse;"
          >
            <div
              class="btn-container__text"
            >
              <p>
                <a
                  href="tel:+5511998765432"
                >
                  (11) 9 9876-5432
                </a>
              </p>
            </div>
            <div
              class="btn-container__icon"
              style="margin-right: 0px; margin-left: 10px;"
            />
          </div>
        </div>
        <div
          class="main-screen__container__texts__social looking-main"
          id="main-button-icon"
        >
          <div
            class="container-icon"
          />
          <div
            class="container-icon"
          />
          <div
            class="container-icon"
          />
        </div>
      </div>
      <div
        class="main-screen__container__visual"
      >
        <div
          class="main-screen__container__visual__block looking-main"
          id="main-block"
        />
        <div
          class="main-screen__container__visual__image looking-main"
          id="main-iceCream-image"
        />
        <div
          class="main-screen__container__visual__comment"
        >
          <div
            class="comment-block looking-main"
            id="main-comment"
          >
            <p
              class="comment-block__opinion"
            >
              "Entrega rápida e funcionários simpáticos. 
              <br />
              O sorvete chegou frio e 
              <br />
              muito delicioso!
              <span
                class="comment-block__opinion__author"
              >
                Eva Oliveira
              </span>
            </p>
          </div>
        </div>
      </div>
    </div>
  </section>
</DocumentFragment>
`;
