// Jest Snapshot v1, https://goo.gl/fbAQLP

exports[`checks if IconContext is a valid context 1`] = `
<DocumentFragment>
  <div />
</DocumentFragment>
`;
