// Jest Snapshot v1, https://goo.gl/fbAQLP

exports[`Brand Component matches snapshot 1`] = `
<DocumentFragment>
  <img
    alt="brand"
    class="header-bar__inner__image"
    src="brand.png"
  />
</DocumentFragment>
`;
