// Jest Snapshot v1, https://goo.gl/fbAQLP

exports[`Comment Component should match the snapshot 1`] = `
<DocumentFragment>
  <div
    class="comment-block"
  >
    <p
      class="comment-block__opinion"
    >
      "Entrega rápida e funcionários simpáticos. 
      <br />
      O sorvete chegou frio e 
      <br />
      muito delicioso!
      <span
        class="comment-block__opinion__author"
      >
        Eva Oliveira
      </span>
    </p>
  </div>
</DocumentFragment>
`;
